// Jest Snapshot v1, https://goo.gl/fbAQLP

exports[`<Breadcrumb /> component renders nav element with the correct breadcrumb items 1`] = `
.emotion-0 {
  font-weight: 400;
  font-size: 0.875rem;
  line-height: 1.34;
  margin: 0;
  color: #8B8C8C;
}

.emotion-2 {
  padding: 0px;
  margin: 0px;
  display: -webkit-box;
  display: -webkit-flex;
  display: -ms-flexbox;
  display: flex;
  -webkit-flex-direction: row;
  -ms-flex-direction: row;
  flex-direction: row;
  list-style: none;
}

.emotion-4:last-child {
  text-overflow: ellipsis;
  overflow: hidden;
  white-space: nowrap;
}

.emotion-4:not(:last-child):after {
  content: '/';
  padding: 8px;
}

.emotion-6 {
  color: #0078D6;
  -webkit-text-decoration: underline;
  text-decoration: underline;
}

<div>
  <nav
    aria-label="Breadcrumb"
    class="emotion-0 emotion-1"
    data-testid="breadcrumb"
  >
    <ul
      class="emotion-2 emotion-3"
    >
      <li
        class="emotion-4 emotion-5"
      >
        <a
          class="emotion-6 emotion-7"
          href="/"
        >
          Name 1
        </a>
      </li>
      <li
        class="emotion-4 emotion-5"
      >
        Name 2
      </li>
    </ul>
  </nav>
</div>
`;
