// Jest Snapshot v1, https://goo.gl/fbAQLP

exports[`<IconButton /> component should have style if variant is contrast and isDisabled is false 1`] = `
.emotion-0 {
  display: -webkit-box;
  display: -webkit-flex;
  display: -ms-flexbox;
  display: flex;
  -webkit-align-items: center;
  -webkit-box-align: center;
  -ms-flex-align: center;
  align-items: center;
  border: none;
  background-color: transparent;
  cursor: pointer;
}

.emotion-0 i {
  font-size: 24px;
  color: #ffffff;
}

.emotion-0:not(:disabled)>i:hover,
.emotion-0:not(:disabled)>i:active {
  color: #73aec2;
}

.emotion-0:focus-visible {
  outline: 2px solid #000000;
}

.emotion-2 {
  font-family: DTUI-icons-outlined;
  font-weight: normal;
  font-style: normal;
  font-size: 24px;
  display: inline-block;
  line-height: 1;
  text-transform: none;
  letter-spacing: normal;
  word-wrap: normal;
  white-space: nowrap;
  font-variation-settings: 'FILL' 0;
  color: #292929;
  -webkit-font-smoothing: antialiased;
  text-rendering: optimizeLegibility;
  -moz-osx-font-smoothing: grayscale;
  font-feature-settings: 'liga';
}

<div>
  <button
    class="emotion-0 emotion-1"
    data-testid="icon-button"
  >
    <i
      class="emotion-2"
      color="#292929"
      data-testid="icon"
    >
      edit
    </i>
  </button>
</div>
`;

exports[`<IconButton /> component should have style if variant is contrast and isDisabled is true 1`] = `
.emotion-0 {
  display: -webkit-box;
  display: -webkit-flex;
  display: -ms-flexbox;
  display: flex;
  -webkit-align-items: center;
  -webkit-box-align: center;
  -ms-flex-align: center;
  align-items: center;
  border: none;
  background-color: transparent;
  cursor: not-allowed;
}

.emotion-0 i {
  font-size: 24px;
  color: #292929;
}

.emotion-0:not(:disabled)>i:hover,
.emotion-0:not(:disabled)>i:active {
  color: #73aec2;
}

.emotion-0:focus-visible {
  outline: 2px solid #000000;
}

.emotion-2 {
  font-family: DTUI-icons-outlined;
  font-weight: normal;
  font-style: normal;
  font-size: 24px;
  display: inline-block;
  line-height: 1;
  text-transform: none;
  letter-spacing: normal;
  word-wrap: normal;
  white-space: nowrap;
  font-variation-settings: 'FILL' 0;
  color: #292929;
  -webkit-font-smoothing: antialiased;
  text-rendering: optimizeLegibility;
  -moz-osx-font-smoothing: grayscale;
  font-feature-settings: 'liga';
}

<div>
  <button
    class="emotion-0 emotion-1"
    data-testid="icon-button"
    disabled=""
  >
    <i
      class="emotion-2"
      color="#292929"
      data-testid="icon"
    >
      edit
    </i>
  </button>
</div>
`;

exports[`<IconButton /> component should have style if variant is default and isDisabled is false 1`] = `
.emotion-0 {
  display: -webkit-box;
  display: -webkit-flex;
  display: -ms-flexbox;
  display: flex;
  -webkit-align-items: center;
  -webkit-box-align: center;
  -ms-flex-align: center;
  align-items: center;
  border: none;
  background-color: transparent;
  cursor: pointer;
}

.emotion-0 i {
  font-size: 24px;
  color: #292929;
}

.emotion-0:not(:disabled)>i:hover,
.emotion-0:not(:disabled)>i:active {
  color: #00677f;
}

.emotion-0:focus-visible {
  outline: 2px solid #000000;
}

.emotion-2 {
  font-family: DTUI-icons-outlined;
  font-weight: normal;
  font-style: normal;
  font-size: 24px;
  display: inline-block;
  line-height: 1;
  text-transform: none;
  letter-spacing: normal;
  word-wrap: normal;
  white-space: nowrap;
  font-variation-settings: 'FILL' 0;
  color: #292929;
  -webkit-font-smoothing: antialiased;
  text-rendering: optimizeLegibility;
  -moz-osx-font-smoothing: grayscale;
  font-feature-settings: 'liga';
}

<div>
  <button
    class="emotion-0 emotion-1"
    data-testid="icon-button"
  >
    <i
      class="emotion-2"
      color="#292929"
      data-testid="icon"
    >
      edit
    </i>
  </button>
</div>
`;

exports[`<IconButton /> component should have style if variant is default and isDisabled is true 1`] = `
.emotion-0 {
  display: -webkit-box;
  display: -webkit-flex;
  display: -ms-flexbox;
  display: flex;
  -webkit-align-items: center;
  -webkit-box-align: center;
  -ms-flex-align: center;
  align-items: center;
  border: none;
  background-color: transparent;
  cursor: not-allowed;
}

.emotion-0 i {
  font-size: 24px;
  color: #a3a3a3;
}

.emotion-0:not(:disabled)>i:hover,
.emotion-0:not(:disabled)>i:active {
  color: #00677f;
}

.emotion-0:focus-visible {
  outline: 2px solid #000000;
}

.emotion-2 {
  font-family: DTUI-icons-outlined;
  font-weight: normal;
  font-style: normal;
  font-size: 24px;
  display: inline-block;
  line-height: 1;
  text-transform: none;
  letter-spacing: normal;
  word-wrap: normal;
  white-space: nowrap;
  font-variation-settings: 'FILL' 0;
  color: #292929;
  -webkit-font-smoothing: antialiased;
  text-rendering: optimizeLegibility;
  -moz-osx-font-smoothing: grayscale;
  font-feature-settings: 'liga';
}

<div>
  <button
    class="emotion-0 emotion-1"
    data-testid="icon-button"
    disabled=""
  >
    <i
      class="emotion-2"
      color="#292929"
      data-testid="icon"
    >
      edit
    </i>
  </button>
</div>
`;
