// Jest Snapshot v1, https://goo.gl/fbAQLP

exports[`<Pagination /> component should render the pagination content 1`] = `
.emotion-0 {
  display: -webkit-box;
  display: -webkit-flex;
  display: -ms-flexbox;
  display: flex;
  -webkit-align-items: center;
  -webkit-box-align: center;
  -ms-flex-align: center;
  align-items: center;
  gap: 8px;
  margin-top: 48px;
}

.emotion-2 {
  -webkit-box-pack: center;
  -ms-flex-pack: center;
  -webkit-justify-content: center;
  justify-content: center;
  width: 32px;
  height: 32px;
  background-color: #FFFFFF;
  border: none;
  border-radius: 3px;
  color: #323232;
  cursor: default;
}

.emotion-4 {
  font-weight: 400;
  font-size: 14px;
  line-height: 18.76px;
  letter-spacing: normal;
  margin: 0;
  text-align: center;
  padding: 6px 8px;
  margin: 0px;
  width: 50px;
  height: 32px;
  background-color: #FFFFFF;
  color: #4F4F4F;
  border: 1px solid #323232;
  border-radius: 3px;
}

.emotion-4:focus {
  border-bottom: 2px solid #002441;
}

.emotion-6 {
  font-weight: 400;
  font-size: 14px;
  line-height: 18.76px;
  letter-spacing: normal;
  margin: 0;
  color: #151617;
}

.emotion-8 {
  background-color: transparent;
  color: #002441;
  border: none;
  cursor: pointer;
}

.emotion-10 {
  -webkit-box-pack: center;
  -ms-flex-pack: center;
  -webkit-justify-content: center;
  justify-content: center;
  width: 32px;
  height: 32px;
  background-color: #FFFFFF;
  border: none;
  border-radius: 3px;
  color: #002441;
  cursor: pointer;
}

<div>
  <div
    class="emotion-0 emotion-1"
    data-testid="pagination-wrapper"
  >
    <button
      class="emotion-2 emotion-3"
      data-testid="pagination-previous-item"
      disabled=""
      title="Go to previous page"
    >
      <svg
        fill="none"
        height="12"
        viewBox="0 0 8 12"
        width="8"
        xmlns="http://www.w3.org/2000/svg"
      >
        <path
          clip-rule="evenodd"
          d="M1.00372 4.99554L5.59672 0.40254C5.68831 0.309085 5.79751 0.234713 5.91802 0.183725C6.03853 0.132736 6.16795 0.106142 6.29879 0.105481C6.42964 0.104821 6.55932 0.130105 6.68034 0.179874C6.80136 0.229643 6.91131 0.302908 7.00383 0.395433C7.09636 0.487958 7.16962 0.597907 7.21939 0.718923C7.26916 0.839939 7.29444 0.96962 7.29378 1.10047C7.29312 1.23132 7.26653 1.36074 7.21554 1.48124C7.16455 1.60175 7.09018 1.71095 6.99672 1.80254L3.09672 5.70254L6.99672 9.60254C7.17929 9.78883 7.28096 10.0396 7.27964 10.3005C7.27832 10.5613 7.17413 10.8111 6.98969 10.9955C6.80525 11.1799 6.55548 11.2841 6.29465 11.2855C6.03382 11.2868 5.78301 11.1851 5.59672 11.0025L1.00372 6.41054C0.816253 6.22301 0.710938 5.9687 0.710938 5.70354C0.710938 5.43838 0.816253 5.18407 1.00372 4.99654V4.99554Z"
          fill="currentColor"
          fill-rule="evenodd"
        />
      </svg>
    </button>
    <input
      class="emotion-4 emotion-5"
      data-testid="pagination-input"
      value="1"
    />
    <p
      class="emotion-6 emotion-7"
      color="gray_300"
      data-testid="typography"
    >
      of
       
      <button
        class="emotion-8 emotion-9"
        data-testid="pagination-last-page"
        title="Go to last page"
      >
        3
      </button>
    </p>
    <button
      class="emotion-10 emotion-3"
      data-testid="pagination-next-item"
      title="Go to next page"
    >
      <svg
        fill="none"
        height="12"
        viewBox="0 0 8 12"
        width="8"
        xmlns="http://www.w3.org/2000/svg"
      >
        <path
          clip-rule="evenodd"
          d="M6.99468 4.99507C7.18215 5.1826 7.28747 5.4369 7.28747 5.70207C7.28747 5.96723 7.18215 6.22154 6.99468 6.40907L2.40168 11.0021C2.21539 11.1846 1.96458 11.2863 1.70375 11.285C1.44292 11.2837 1.19315 11.1795 1.00871 10.995C0.824278 10.8106 0.72008 10.5608 0.718763 10.3C0.717445 10.0392 0.819115 9.78836 1.00168 9.60207L4.90168 5.70207L1.00168 1.80207C0.819115 1.61578 0.717445 1.36497 0.718763 1.10414C0.72008 0.843312 0.824278 0.593541 1.00871 0.409105C1.19315 0.224668 1.44292 0.120471 1.70375 0.119153C1.96458 0.117836 2.21539 0.219506 2.40168 0.402069L6.99468 4.99507Z"
          fill="currentColor"
          fill-rule="evenodd"
        />
      </svg>
    </button>
  </div>
</div>
`;
