// Jest Snapshot v1, https://goo.gl/fbAQLP

exports[`<Tag /> component should render the tag with variant outlined, color secondary, border squared, size small, isClickable as true, isDisabled as false, onClick and onClose 1`] = `
.emotion-0 {
  font-size: 0.625rem;
  font-weight: 700;
  line-height: 0.875rem;
  padding: 2px 8px;
  height: 18px;
  border: 1px solid #3e3e3e;
  color: #3e3e3e;
  background-color: #c5c5c5;
  display: -webkit-box;
  display: -webkit-flex;
  display: -ms-flexbox;
  display: flex;
  text-transform: uppercase;
  -webkit-align-items: center;
  -webkit-box-align: center;
  -ms-flex-align: center;
  align-items: center;
  max-width: -webkit-max-content;
  max-width: -moz-max-content;
  max-width: max-content;
  gap: 4px;
  border-radius: 0px;
  width: 150px;
  -webkit-user-select: none;
  -moz-user-select: none;
  -ms-user-select: none;
  user-select: none;
  cursor: pointer;
}

.emotion-0:hover {
  border-color: #1d1d1d;
  color: #1d1d1d;
  background-color: #696969;
}

.emotion-0>:first-child {
  white-space: nowrap;
  display: block;
  overflow: hidden;
  text-overflow: ellipsis;
}

.emotion-0:focus-visible {
  outline: 2px solid #1d1d1d;
  outline-offset: 1px;
}

<div
  aria-disabled="false"
  class="emotion-0 emotion-1"
  color="secondary"
  data-testid="tag"
  tabindex="0"
>
  <span>
    Click me
  </span>
</div>
`;

exports[`<Tag /> component should render the tag with variant solid, color error, border rounded, size medium, isClickable as false, isDisabled as true, onClick and onClose 1`] = `
.emotion-0 {
  font-size: 0.75rem;
  font-weight: 700;
  line-height: 1rem;
  padding: 8px 12px;
  height: 32px;
  border: 0px;
  color: #ffffff;
  background-color: #ffe6e6;
  display: -webkit-box;
  display: -webkit-flex;
  display: -ms-flexbox;
  display: flex;
  text-transform: uppercase;
  -webkit-align-items: center;
  -webkit-box-align: center;
  -ms-flex-align: center;
  align-items: center;
  max-width: -webkit-max-content;
  max-width: -moz-max-content;
  max-width: max-content;
  gap: 4px;
  border-radius: 32px;
  width: 150px;
  -webkit-user-select: none;
  -moz-user-select: none;
  -ms-user-select: none;
  user-select: none;
  cursor: not-allowed;
}

.emotion-0>:first-child {
  white-space: nowrap;
  display: block;
  overflow: hidden;
  text-overflow: ellipsis;
}

.emotion-0:focus-visible {
  outline: 2px solid #1d1d1d;
  outline-offset: 1px;
}

.emotion-2 {
  background-color: transparent;
  color: currentColor;
  display: inherit;
  border: 0;
  cursor: pointer;
}

.emotion-2:disabled {
  cursor: not-allowed;
}

.emotion-2:focus-visible {
  outline: 2px solid #1d1d1d;
  outline-offset: 1px;
}

<div
  aria-disabled="true"
  class="emotion-0 emotion-1"
  color="error"
  data-testid="tag"
>
  <span>
    Click me
  </span>
  <button
    aria-disabled="true"
    class="emotion-2 emotion-3"
    color="error"
    data-testid="tag-close-button"
    disabled=""
    tabindex="0"
  >
    <svg
      fill="none"
      height="12"
      viewBox="0 0 24 24"
      width="12"
      xmlns="http://www.w3.org/2000/svg"
    >
      <path
        d="M19 6.41L17.59 5L12 10.59L6.41 5L5 6.41L10.59 12L5 17.59L6.41 19L12 13.41L17.59 19L19 17.59L13.41 12L19 6.41Z"
        fill="currentColor"
      />
    </svg>
  </button>
</div>
`;

exports[`<Tag /> component should render the tag with variant solid, color informative, border rounded, size medium, isClickable as false, isDisabled as false, onClick and onClose 1`] = `
.emotion-0 {
  font-size: 0.75rem;
  font-weight: 700;
  line-height: 1rem;
  padding: 8px 12px;
  height: 32px;
  border: 0px;
  color: #ffffff;
  background-color: #00677f;
  display: -webkit-box;
  display: -webkit-flex;
  display: -ms-flexbox;
  display: flex;
  text-transform: uppercase;
  -webkit-align-items: center;
  -webkit-box-align: center;
  -ms-flex-align: center;
  align-items: center;
  max-width: -webkit-max-content;
  max-width: -moz-max-content;
  max-width: max-content;
  gap: 4px;
  border-radius: 32px;
  width: 150px;
  -webkit-user-select: none;
  -moz-user-select: none;
  -ms-user-select: none;
  user-select: none;
  cursor: pointer;
}

.emotion-0:hover {
  background-color: #003946;
  color: #ffffff;
}

.emotion-0>:first-child {
  white-space: nowrap;
  display: block;
  overflow: hidden;
  text-overflow: ellipsis;
}

.emotion-0:focus-visible {
  outline: 2px solid #1d1d1d;
  outline-offset: 1px;
}

<div
  aria-disabled="false"
  class="emotion-0 emotion-1"
  color="informative"
  data-testid="tag"
>
  <span>
    Click me
  </span>
</div>
`;

exports[`<Tag /> component should render the tag with variant solid, color primary, border rounded, size medium, isClickable as false, isDisabled as false, onClick and onClose 1`] = `
.emotion-0 {
  font-size: 0.75rem;
  font-weight: 700;
  line-height: 1rem;
  padding: 8px 12px;
  height: 32px;
  border: 0px;
  color: #ffffff;
  background-color: #00677f;
  display: -webkit-box;
  display: -webkit-flex;
  display: -ms-flexbox;
  display: flex;
  text-transform: uppercase;
  -webkit-align-items: center;
  -webkit-box-align: center;
  -ms-flex-align: center;
  align-items: center;
  max-width: -webkit-max-content;
  max-width: -moz-max-content;
  max-width: max-content;
  gap: 4px;
  border-radius: 32px;
  width: 150px;
}

.emotion-0>:first-child {
  white-space: nowrap;
  display: block;
  overflow: hidden;
  text-overflow: ellipsis;
}

.emotion-0:focus-visible {
  outline: 2px solid #1d1d1d;
  outline-offset: 1px;
}

<div
  aria-disabled="false"
  class="emotion-0 emotion-1"
  color="primary"
  data-testid="tag"
>
  <span>
    Click me
  </span>
</div>
`;

exports[`<Tag /> component should render the tag with variant solid, color warning, border rounded, size medium, isClickable as false, isDisabled as false, onClick and onClose 1`] = `
.emotion-0 {
  font-size: 0.75rem;
  font-weight: 700;
  line-height: 1rem;
  padding: 8px 12px;
  height: 32px;
  border: 0px;
  color: #ffffff;
  background-color: #fab700;
  display: -webkit-box;
  display: -webkit-flex;
  display: -ms-flexbox;
  display: flex;
  text-transform: uppercase;
  -webkit-align-items: center;
  -webkit-box-align: center;
  -ms-flex-align: center;
  align-items: center;
  max-width: -webkit-max-content;
  max-width: -moz-max-content;
  max-width: max-content;
  gap: 4px;
  border-radius: 32px;
  width: 150px;
  -webkit-user-select: none;
  -moz-user-select: none;
  -ms-user-select: none;
  user-select: none;
}

.emotion-0:hover {
  background-color: #8a6500;
  color: #ffffff;
}

.emotion-0>:first-child {
  white-space: nowrap;
  display: block;
  overflow: hidden;
  text-overflow: ellipsis;
}

.emotion-0:focus-visible {
  outline: 2px solid #1d1d1d;
  outline-offset: 1px;
}

.emotion-2 {
  background-color: transparent;
  color: currentColor;
  display: inherit;
  border: 0;
  cursor: pointer;
}

.emotion-2:disabled {
  cursor: not-allowed;
}

.emotion-2:focus-visible {
  outline: 2px solid #1d1d1d;
  outline-offset: 1px;
}

<div
  aria-disabled="false"
  class="emotion-0 emotion-1"
  color="warning"
  data-testid="tag"
>
  <span>
    Click me
  </span>
  <button
    aria-disabled="false"
    class="emotion-2 emotion-3"
    color="warning"
    data-testid="tag-close-button"
    tabindex="0"
  >
    <svg
      fill="none"
      height="12"
      viewBox="0 0 24 24"
      width="12"
      xmlns="http://www.w3.org/2000/svg"
    >
      <path
        d="M19 6.41L17.59 5L12 10.59L6.41 5L5 6.41L10.59 12L5 17.59L6.41 19L12 13.41L17.59 19L19 17.59L13.41 12L19 6.41Z"
        fill="currentColor"
      />
    </svg>
  </button>
</div>
`;
