// Jest Snapshot v1, https://goo.gl/fbAQLP

exports[`<Drawer /> component renders correctly with children 1`] = `
.emotion-0 {
  width: 100%;
  height: 100%;
  position: fixed;
  top: 0;
  left: 0;
  z-index: 9;
}

.emotion-2 {
  width: 100%;
  height: 100vh;
  position: absolute;
  background-color: #131313;
  opacity: 0.2;
  -webkit-transition: opacity 0.56s cubic-bezier(0.52, 0.16, 0.24, 1);
  transition: opacity 0.56s cubic-bezier(0.52, 0.16, 0.24, 1);
}

.emotion-4 {
  display: grid;
  grid-template-rows: auto 1fr;
  padding: 24px 0;
  width: 100%;
  height: 100%;
  position: absolute;
  top: 0;
  right: 0;
  background-color: #FFFFFF;
  -webkit-transform: translateX(0);
  -moz-transform: translateX(0);
  -ms-transform: translateX(0);
  transform: translateX(0);
  -webkit-transition: -webkit-transform 0.56s cubic-bezier(0.52, 0.16, 0.24, 1);
  transition: transform 0.56s cubic-bezier(0.52, 0.16, 0.24, 1);
}

@media only screen and (min-width: 600px) {
  .emotion-4 {
    width: 500px;
    border-radius: 12px 0px 0px 12px;
    box-shadow: 0px 1px 3px 0px rgba(0, 0, 0, 0.1),0px 1px 2px -1px rgba(0, 0, 0, 0.1);
    padding: 32px 0;
  }
}

<div>
  <div
    class="emotion-0 emotion-1"
  >
    <div
      class="emotion-2 emotion-3"
      data-testid="drawer-overlay"
    />
    <div
      class="emotion-4 emotion-5"
      data-testid="drawer-content-container"
    >
      <div>
        Example content
      </div>
    </div>
  </div>
</div>
`;
