// Jest Snapshot v1, https://goo.gl/fbAQLP

exports[`DescriptionList renders DescriptionList correctly 1`] = `
.emotion-0 {
  padding: 0;
  padding-left: 10px;
  margin-left: 1em;
  list-style-type: none;
}

.emotion-2 {
  font-weight: 400;
  font-size: 1rem;
  line-height: 1.34;
  margin: 0;
  font-weight: 700;
  margin-bottom: 10px;
  display: -webkit-box;
  display: -webkit-list-item;
  display: -ms-list-itembox;
  display: list-item;
}

.emotion-4 {
  margin-bottom: 10px;
  padding-left: 20px;
}

<div>
  <dl
    class="emotion-0 emotion-1"
    data-testid="description-list"
  >
    <dt
      class="emotion-2 emotion-3"
    >
      Term 1
    </dt>
    <dd
      class="emotion-4 emotion-5"
    >
      Some description 1
    </dd>
    <dt
      class="emotion-2 emotion-3"
    >
      Term 2
    </dt>
    <dd
      class="emotion-4 emotion-5"
    >
      Some description 2
    </dd>
    <dt
      class="emotion-2 emotion-3"
    >
      Term 3
    </dt>
    <dd
      class="emotion-4 emotion-5"
    >
      Some description 3
    </dd>
  </dl>
</div>
`;
