// Jest Snapshot v1, https://goo.gl/fbAQLP

exports[`<PageContainer /> component renders section html element with the correct content 1`] = `
.emotion-0 {
  display: -webkit-box;
  display: -webkit-flex;
  display: -ms-flexbox;
  display: flex;
  -webkit-flex-direction: column;
  -ms-flex-direction: column;
  flex-direction: column;
  width: 90%;
  max-width: 1600px;
  height: auto;
  margin: 0 auto;
  min-height: 95vh;
  padding: 150px 0 50px 0;
}

<div>
  <div
    class="emotion-0 emotion-1"
    data-testid="page-container"
  >
    <div>
      Page Content
    </div>
  </div>
</div>
`;
