// Jest Snapshot v1, https://goo.gl/fbAQLP

exports[`<Radio /> component renders Radio group with Radio 1 checked and Radio 3 disabled 1`] = `
.emotion-0 {
  display: -webkit-box;
  display: -webkit-flex;
  display: -ms-flexbox;
  display: flex;
  -webkit-flex-direction: row;
  -ms-flex-direction: row;
  flex-direction: row;
  -webkit-align-items: center;
  -webkit-box-align: center;
  -ms-flex-align: center;
  align-items: center;
  gap: 12px;
}

.emotion-2 {
  display: -webkit-box;
  display: -webkit-flex;
  display: -ms-flexbox;
  display: flex;
  -webkit-flex-direction: column;
  -ms-flex-direction: column;
  flex-direction: column;
  -webkit-align-items: center;
  -webkit-box-align: center;
  -ms-flex-align: center;
  align-items: center;
}

.emotion-4 {
  background: #FFFFFF;
  border: 1px solid #D3D4D5;
  border-radius: 50%;
  width: 16px;
  height: 16px;
  -webkit-appearance: none;
  -moz-appearance: none;
  -ms-appearance: none;
  appearance: none;
}

.emotion-4:disabled {
  background: #F8F9FA;
  pointer-events: none;
}

.emotion-4:disabled+label {
  color: #BABBBB;
}

.emotion-4:checked {
  border-width: 5px;
  border-color: #008DFC;
}

.emotion-4:checked:disabled {
  border-color: #D3D4D5;
}

.emotion-4:checked:before {
  content: '';
  height: 10px;
  width: 10px;
  border-radius: 50%;
  display: block;
}

.emotion-6 {
  font-weight: 400;
  font-size: 18px;
  line-height: 24.12px;
  letter-spacing: normal;
  margin: 0;
  text-transform: none;
  color: #7C7C7D;
  cursor: inherit;
}

<div>
  <div
    class="emotion-0 emotion-1"
    data-testid="radio-group"
    direction="row"
  >
    <div
      class="emotion-2 emotion-3"
      style="flex-direction: row; gap: 8px; cursor: pointer;"
    >
      <input
        checked=""
        class="emotion-4 emotion-5"
        id="1-id"
        name="radio-group-name"
        type="radio"
        value="1"
      />
      <label
        class="emotion-6 emotion-7"
        for="1-id"
      >
        Label 1
      </label>
    </div>
    <div
      class="emotion-2 emotion-3"
      style="flex-direction: row; gap: 8px; cursor: pointer;"
    >
      <input
        class="emotion-4 emotion-5"
        id="2-id"
        name="radio-group-name"
        type="radio"
        value="2"
      />
      <label
        class="emotion-6 emotion-7"
        for="2-id"
      >
        Label 2
      </label>
    </div>
    <div
      class="emotion-2 emotion-3"
      style="flex-direction: row; gap: 8px; cursor: default;"
    >
      <input
        class="emotion-4 emotion-5"
        disabled=""
        id="3-id"
        name="radio-group-name"
        type="radio"
        value="3"
      />
      <label
        class="emotion-6 emotion-7"
        for="3-id"
      >
        Label 3
      </label>
    </div>
  </div>
</div>
`;
