// Jest Snapshot v1, https://goo.gl/fbAQLP

exports[`<ProvidedAccordion /> component renders correctly the closed accordion 1`] = `
.emotion-0 {
  position: relative;
  width: 100%;
  min-width: '248px';
  background-color: #FFFFFF;
  border-radius: 0px;
  box-shadow: 0px 1px 0px 0px #EBECED;
}

.emotion-0:hover {
  background-color: #ECF7FB;
  box-shadow: 0px 1px 2px 0px rgba(0, 0, 0, 0.05);
}

.emotion-2 {
  padding: 16px;
  cursor: pointer;
}

@media (min-width: 600px) {
  .emotion-2 {
    padding: 24px;
  }
}

.emotion-4 {
  display: -webkit-box;
  display: -webkit-flex;
  display: -ms-flexbox;
  display: flex;
  -webkit-align-items: center;
  -webkit-box-align: center;
  -ms-flex-align: center;
  align-items: center;
  -webkit-box-pack: center;
  -ms-flex-pack: center;
  -webkit-justify-content: center;
  justify-content: center;
}

.emotion-6 {
  width: 100%;
}

.emotion-8 {
  width: 24px;
  height: 24px;
  margin-left: 12px;
  color: #A1A2A3;
}

.emotion-10 {
  padding: 16px;
  padding-top: 0;
  display: none;
}

@media only screen and (min-width: 600px) {
  .emotion-10 {
    padding: 24px;
    padding-top: 0;
  }
}

<div>
  <div
    class="emotion-0 emotion-1"
    data-testid="accordion-container"
  >
    <header
      aria-disabled="false"
      class="emotion-2 emotion-3"
      data-testid="accordion-header"
      role="button"
      tabindex="0"
    >
      <div
        class="emotion-4 emotion-5"
      >
        <div
          class="emotion-6 emotion-7"
        >
          Header Content
        </div>
        <div
          class="emotion-8 emotion-9"
        >
          <svg
            fill="none"
            height="24"
            viewBox="0 0 24 24"
            width="24"
            xmlns="http://www.w3.org/2000/svg"
          >
            <g>
              <path
                d="M11.9999 5.83L15.1699 9L16.5799 7.59L11.9999 3L7.40991 7.59L8.82991 9L11.9999 5.83ZM11.9999 18.17L8.82991 15L7.41991 16.41L11.9999 21L16.5899 16.41L15.1699 15L11.9999 18.17Z"
                fill="currentColor"
                id="Vector"
              />
            </g>
          </svg>
        </div>
      </div>
    </header>
    <div
      class="emotion-10 emotion-11"
      data-testid="accordion-body"
    >
      <div>
        Accordion Body
      </div>
    </div>
  </div>
</div>
`;
