// Jest Snapshot v1, https://goo.gl/fbAQLP

exports[`<Card /> component renders div html element with the correct items 1`] = `
.emotion-0 {
  margin: 0;
  background-color: #FFFFFF;
  width: 100%;
  max-width: 530px;
  height: 100%;
  padding: 47px 24px 52px 24px;
  -webkit-transition: all 0.2s ease-in-out;
  transition: all 0.2s ease-in-out;
  border-radius: 3px;
  display: -webkit-box;
  display: -webkit-flex;
  display: -ms-flexbox;
  display: flex;
  -webkit-flex-direction: column;
  -ms-flex-direction: column;
  flex-direction: column;
}

.emotion-0::after {
  content: '';
  background-color: #000000;
  border-radius: 4px;
  width: 40px;
  height: 5px;
  margin-top: 14px;
}

.emotion-0:hover {
  box-shadow: 1px 4px 4px rgba(0, 0, 0, 0.2);
}

.emotion-2 {
  width: 100%;
  display: -webkit-box;
  -webkit-line-clamp: 1;
  -webkit-box-orient: vertical;
  text-overflow: ellipsis;
  overflow: hidden;
}

.emotion-4 {
  font-weight: 700;
  font-size: 1.25rem;
  line-height: 1.5rem;
  letter-spacing: normal;
  margin: 0;
  text-transform: none;
  color: #292929;
}

@media only screen and (min-width:1024px) {
  .emotion-4 {
    font-size: 1.5rem;
    line-height: 1.75rem;
  }
}

.emotion-5 {
  margin-top: 12px;
  width: 100%;
  height: auto;
  max-height: 48px;
  display: -webkit-box;
  -webkit-line-clamp: 2;
  -webkit-box-orient: vertical;
  text-overflow: ellipsis;
  overflow: hidden;
}

<div>
  <div
    class="emotion-0 emotion-1"
    data-testid="card"
  >
    <div
      class="emotion-2 emotion-3"
    >
      <h2
        class="emotion-4"
        color="grey_90"
        data-testid="typography"
      >
        Card Title
      </h2>
    </div>
    <div
      class="emotion-5 emotion-6"
    >
      Card Description
    </div>
  </div>
</div>
`;
