// Jest Snapshot v1, https://goo.gl/fbAQLP

exports[`<Counter /> component should render a span html element with the given content 1`] = `
.emotion-0 {
  font-family: Daimler CS;
  font-size: 12px;
  font-weight: 400;
  letter-spacing: 0px;
  line-height: 16px;
  -webkit-text-decoration: none;
  text-decoration: none;
  color: #ffffff;
  border: 0px;
  -webkit-align-items: center;
  -webkit-box-align: center;
  -ms-flex-align: center;
  align-items: center;
  -webkit-box-pack: center;
  -ms-flex-pack: center;
  -webkit-justify-content: center;
  justify-content: center;
  display: -webkit-box;
  display: -webkit-flex;
  display: -ms-flexbox;
  display: flex;
  width: 16px;
  height: 16px;
  border-radius: 50%;
  background-color: #00677f;
}

<div>
  <span
    class="emotion-0 emotion-1"
    color="informative"
    data-testid="counter"
  >
    Active
  </span>
</div>
`;
