// Jest Snapshot v1, https://goo.gl/fbAQLP

exports[`<Pill /> component Should render a span html element with the given content 1`] = `
.emotion-0 {
  font-weight: 700;
  font-size: 0.625rem;
  line-height: 1.34;
  margin: 0;
  padding: 2px 8px;
  color: #FFFFFF;
  border: 0;
  border-radius: 60px;
  text-transform: uppercase;
  text-align: center;
  background-color: #5fa50b;
  display: block;
  width: 80px;
  text-overflow: ellipsis;
  overflow: hidden;
  white-space: nowrap;
}

<div>
  <span
    class="emotion-0 emotion-1"
    color="success"
    data-testid="pill"
  >
    Active
  </span>
</div>
`;
