// Jest Snapshot v1, https://goo.gl/fbAQLP

exports[`<Modal/> Component handle modal actions renders modal correctly 1`] = `
.emotion-0 {
  position: fixed;
  top: 0;
  left: 0;
  width: 100%;
  height: 100%;
  z-index: 5;
  background: rgba(21,22,23,0.6);
}

.emotion-2 {
  width: 50%;
  max-width: 825px;
  position: fixed;
  z-index: 10;
  left: 50%;
  top: 50%;
  -webkit-transform: translate(-50%, -50%);
  -moz-transform: translate(-50%, -50%);
  -ms-transform: translate(-50%, -50%);
  transform: translate(-50%, -50%);
  background-color: white;
}

.emotion-4 {
  font-weight: 500;
  font-size: 1rem;
  line-height: 1.25rem;
  letter-spacing: normal;
  margin: 0;
  font-weight: 700;
  color: #151617;
  display: -webkit-box;
  display: -webkit-flex;
  display: -ms-flexbox;
  display: flex;
  -webkit-box-pack: justify;
  -webkit-justify-content: space-between;
  justify-content: space-between;
  -webkit-align-items: center;
  -webkit-box-align: center;
  -ms-flex-align: center;
  align-items: center;
  margin: 32px;
  margin-bottom: 0;
  padding-bottom: 16px;
  border-bottom: 1px solid #323232;
  text-transform: uppercase;
}

.emotion-4 svg {
  cursor: pointer;
}

.emotion-6 {
  display: -webkit-box;
  display: -webkit-flex;
  display: -ms-flexbox;
  display: flex;
  -webkit-align-items: center;
  -webkit-box-align: center;
  -ms-flex-align: center;
  align-items: center;
  border: none;
  cursor: pointer;
  background-color: transparent;
  color: #4F4F4F;
}

.emotion-6:hover {
  color: #D3D4D5;
}

.emotion-8 {
  padding: 32px;
}

.emotion-10 {
  font-weight: 400;
  font-size: 1rem;
  line-height: 1.5rem;
  letter-spacing: normal;
  margin: 0;
  color: #151617;
}

.emotion-12 {
  display: -webkit-box;
  display: -webkit-flex;
  display: -ms-flexbox;
  display: flex;
  -webkit-box-pack: justify;
  -webkit-justify-content: space-between;
  justify-content: space-between;
  -webkit-align-item: center;
  -ms-flex-item-align-item: center;
  align-item: center;
  padding: 16px 32px;
  background-color: #636464;
}

.emotion-14 {
  border: 1px solid;
  text-transform: uppercase;
  font-weight: 600;
  font-size: 0.875rem;
  line-height: 1.25rem;
  letter-spacing: normal;
  margin: 0;
  padding: 12px 24px;
  border-radius: 4px;
  display: -webkit-box;
  display: -webkit-flex;
  display: -ms-flexbox;
  display: flex;
  -webkit-box-pack: center;
  -ms-flex-pack: center;
  -webkit-justify-content: center;
  justify-content: center;
  cursor: pointer;
  width: 100%;
  min-width: 80px;
  -webkit-transition: background-color 0.2s ease-in-out,color 0.2s ease-in-out;
  transition: background-color 0.2s ease-in-out,color 0.2s ease-in-out;
  -webkit-align-items: center;
  -webkit-box-align: center;
  -ms-flex-align: center;
  align-items: center;
  gap: 8px;
  color: #4F4F4F;
  background-color: #FFFFFF;
}

.emotion-14:disabled {
  color: #F8F9FA;
  background-color: #FFFFFF;
  border-color: #F8F9FA;
  cursor: default;
}

@media only screen and (min-width: 600px) {
  .emotion-14 {
    width: auto;
  }
}

.emotion-14:disabled {
  cursor: not-allowed;
}

.emotion-14:hover {
  color: #4F4F4F;
  background-color: #F8F9FA;
}

.emotion-16 {
  text-transform: uppercase;
  border: 0;
  font-weight: 600;
  font-size: 0.875rem;
  line-height: 1.25rem;
  letter-spacing: normal;
  margin: 0;
  padding: 12px 24px;
  border-radius: 4px;
  display: -webkit-box;
  display: -webkit-flex;
  display: -ms-flexbox;
  display: flex;
  -webkit-box-pack: center;
  -ms-flex-pack: center;
  -webkit-justify-content: center;
  justify-content: center;
  cursor: pointer;
  width: 100%;
  min-width: 80px;
  -webkit-transition: background-color 0.2s ease-in-out,color 0.2s ease-in-out;
  transition: background-color 0.2s ease-in-out,color 0.2s ease-in-out;
  -webkit-align-items: center;
  -webkit-box-align: center;
  -ms-flex-align: center;
  align-items: center;
  gap: 8px;
  color: #FFFFFF;
  background-color: #036DC1;
}

.emotion-16:focus {
  box-shadow: 0px 2px 1px 0px #1A1A1A0D,0px 0px 0px 4px #E6F5FF;
  background-color: #036DC1;
}

.emotion-16:disabled {
  opacity: 38%;
}

@media only screen and (min-width: 600px) {
  .emotion-16 {
    width: auto;
  }
}

.emotion-16:disabled {
  cursor: not-allowed;
}

.emotion-16:hover {
  color: #FFFFFF;
  background-color: #013C6B;
}

<div
  class="emotion-0 emotion-1"
  data-testid="modal-overlay"
>
  <div
    class="emotion-2 emotion-3"
  >
    <div
      class="emotion-4 emotion-5"
      data-testid="modal-header"
    >
      Title
      <button
        class="emotion-6 emotion-7"
        color="neutralDark_100"
        data-testid="icon-button"
      >
        <svg
          fill="none"
          height="12"
          viewBox="2 2 8 8"
          width="12"
          xmlns="http://www.w3.org/2000/svg"
        >
          <path
            d="M9.5 3.205L8.795 2.5L6 5.295L3.205 2.5L2.5 3.205L5.295 6L2.5 8.795L3.205 9.5L6 6.705L8.795 9.5L9.5 8.795L6.705 6L9.5 3.205Z"
            fill="currentColor"
          />
        </svg>
      </button>
    </div>
    <div
      class="emotion-8 emotion-9"
    >
      <p
        class="emotion-10 emotion-11"
        color="grey_300"
        data-testid="typography"
        style="margin-bottom: 8px; text-transform: none; font-weight: 700;"
      >
        Subtitle
      </p>
      Some text here
    </div>
    <div
      class="emotion-12 emotion-13"
    >
      <button
        class="emotion-14 emotion-15"
        color="neutral"
        data-testid="cancel-button"
      >
        Cancel
      </button>
      <button
        class="emotion-16 emotion-15"
        color="primary"
        data-testid="action-button"
      >
        Action
      </button>
    </div>
  </div>
</div>
`;
