// Jest Snapshot v1, https://goo.gl/fbAQLP

exports[`<Box /> component should render with default div element and children 1`] = `
.emotion-0 {
  display: -webkit-box;
  display: -webkit-flex;
  display: -ms-flexbox;
  display: flex;
  -webkit-flex-direction: column;
  -ms-flex-direction: column;
  flex-direction: column;
  -webkit-align-items: center;
  -webkit-box-align: center;
  -ms-flex-align: center;
  align-items: center;
}

<div>
  <div
    class="emotion-0 emotion-1"
  >
    <p>
      Some Content
    </p>
    <p>
      More Content
    </p>
  </div>
</div>
`;
