// Jest Snapshot v1, https://goo.gl/fbAQLP

exports[`<SearchField /> component renders SearchField input element with the correct label 1`] = `
.emotion-0 {
  display: block;
  height: auto;
  width: 100%;
  position: relative;
}

.emotion-2 {
  font-weight: 400;
  font-size: 0.875rem;
  line-height: 1.25rem;
  letter-spacing: normal;
  margin: 0;
  text-transform: none;
  color: #454545;
  cursor: inherit;
  left: 15px;
  top: 15px;
  position: absolute;
  -webkit-transform: translateY(0);
  -moz-transform: translateY(0);
  -ms-transform: translateY(0);
  transform: translateY(0);
  -webkit-transition: -webkit-transform 150ms ease-out,font-size 150ms ease-out;
  transition: transform 150ms ease-out,font-size 150ms ease-out;
}

.emotion-4 {
  font-weight: 400;
  font-size: 0.875rem;
  line-height: 1.25rem;
  letter-spacing: normal;
  margin: 0;
  text-transform: none;
  background-color: #FFFFFF;
  border-radius: 0px;
  border: 1px solid #DEDEDE;
  color: #454545;
  min-width: 198px;
  padding: 20px 15px 5px 15px;
  -webkit-transition: all 0.2s ease-in-out;
  transition: all 0.2s ease-in-out;
  width: 100%;
  height: 53px;
}

.emotion-4:focus {
  outline: 1px solid #00677F;
  border: 1px solid transparent;
}

.emotion-6 {
  -webkit-align-items: center;
  -webkit-box-align: center;
  -ms-flex-align: center;
  align-items: center;
  background-color: #F3F3F5;
  cursor: pointer;
  display: -webkit-box;
  display: -webkit-flex;
  display: -ms-flexbox;
  display: flex;
  -webkit-box-flex-flow: column nowrap;
  -webkit-flex-flow: column nowrap;
  -ms-flex-flow: column nowrap;
  flex-flow: column nowrap;
  height: 35px;
  -webkit-box-pack: space-around;
  -ms-flex-pack: space-around;
  -webkit-justify-content: space-around;
  justify-content: space-around;
  position: absolute;
  right: 10px;
  top: 10px;
  width: 35px;
}

.emotion-6 svg {
  fill: #454545;
  -webkit-transition: all 0.2s ease-in-out;
  transition: all 0.2s ease-in-out;
}

.emotion-6:hover svg {
  fill: #292929;
}

<div>
  <div
    class="emotion-0 emotion-1"
    style="width: 350px;"
  >
    <label
      class="emotion-2 emotion-3"
      data-testid="label-field"
      for="Search-for-anything"
    >
      Search for anything
    </label>
    <input
      class="emotion-4 emotion-5"
      id="Search-for-anything"
      name="Search-for-anything"
      type="text"
      value=""
    />
    <span
      class="emotion-6 emotion-7"
    >
      <svg
        height="19"
        viewBox="0 0 18 19"
        width="18"
        xmlns="http://www.w3.org/2000/svg"
      >
        <path
          d="M12.8645 11.8208H12.0515L11.7633 11.5429C12.7719 10.3696 13.3791 8.84648 13.3791 7.18954C13.3791 3.49485 10.3842 0.5 6.68954 0.5C2.99485 0.5 0 3.49485 0 7.18954C0 10.8842 2.99485 13.8791 6.68954 13.8791C8.34648 13.8791 9.86964 13.2719 11.0429 12.2633L11.3208 12.5515V13.3645L16.4666 18.5L18 16.9666L12.8645 11.8208ZM6.68954 11.8208C4.12693 11.8208 2.05832 9.75214 2.05832 7.18954C2.05832 4.62693 4.12693 2.55832 6.68954 2.55832C9.25214 2.55832 11.3208 4.62693 11.3208 7.18954C11.3208 9.75214 9.25214 11.8208 6.68954 11.8208Z"
        />
      </svg>
    </span>
  </div>
</div>
`;
